#-----------------------------------------------------------
# Vivado v2025.2 (64-bit)
# SW Build 6299465 on Fri Nov 14 19:35:11 GMT 2025
# IP Build 6300035 on Fri Nov 14 10:48:45 MST 2025
# SharedData Build 6298862 on Thu Nov 13 04:50:51 MST 2025
# Start of session at: Sat Apr 11 19:42:02 2026
# Process ID         : 23124
# Current directory  : D:/HARI NOTES/projects/FPGA prof/src/Nueron/Nueron.runs/impl_1
# Command line       : vivado.exe -log nn_top.vdi -applog -product Vivado -messageDb vivado.pb -mode batch -source nn_top.tcl -notrace
# Log file           : D:/HARI NOTES/projects/FPGA prof/src/Nueron/Nueron.runs/impl_1/nn_top.vdi
# Journal file       : D:/HARI NOTES/projects/FPGA prof/src/Nueron/Nueron.runs/impl_1\vivado.jou
# Running On         : Krishna
# Platform           : Windows Server 2016 or Windows 10
# Operating System   : 26200
# Processor Detail   : AMD Ryzen 7 7435HS                             
# CPU Frequency      : 3094 MHz
# CPU Physical cores : 8
# CPU Logical cores  : 16
# Host memory        : 16989 MB
# Swap memory        : 4026 MB
# Total Virtual      : 21016 MB
# Available Virtual  : 4244 MB
#-----------------------------------------------------------
source nn_top.tcl -notrace
